Archive member included to satisfy reference by file (symbol)

/Applications/STM32CubeIDE.app/Contents/Eclipse/plugins/com.st.stm32cube.ide.mcu.externaltools.gnu-tools-for-stm32.12.3.rel1.macos64_1.0.200.202406191456/tools/bin/../lib/gcc/arm-none-eabi/12.3.1/../../../../arm-none-eabi/lib/thumb/v7e-m+fp/hard/libc_nano.a(libc_a-exit.o)
                              /Applications/STM32CubeIDE.app/Contents/Eclipse/plugins/com.st.stm32cube.ide.mcu.externaltools.gnu-tools-for-stm32.12.3.rel1.macos64_1.0.200.202406191456/tools/bin/../lib/gcc/arm-none-eabi/12.3.1/../../../../arm-none-eabi/lib/thumb/v7e-m+fp/hard/crt0.o (exit)
/Applications/STM32CubeIDE.app/Contents/Eclipse/plugins/com.st.stm32cube.ide.mcu.externaltools.gnu-tools-for-stm32.12.3.rel1.macos64_1.0.200.202406191456/tools/bin/../lib/gcc/arm-none-eabi/12.3.1/../../../../arm-none-eabi/lib/thumb/v7e-m+fp/hard/libc_nano.a(libc_a-findfp.o)
                              /Applications/STM32CubeIDE.app/Contents/Eclipse/plugins/com.st.stm32cube.ide.mcu.externaltools.gnu-tools-for-stm32.12.3.rel1.macos64_1.0.200.202406191456/tools/bin/../lib/gcc/arm-none-eabi/12.3.1/../../../../arm-none-eabi/lib/thumb/v7e-m+fp/hard/libc_nano.a(libc_a-exit.o) (__stdio_exit_handler)
/Applications/STM32CubeIDE.app/Contents/Eclipse/plugins/com.st.stm32cube.ide.mcu.externaltools.gnu-tools-for-stm32.12.3.rel1.macos64_1.0.200.202406191456/tools/bin/../lib/gcc/arm-none-eabi/12.3.1/../../../../arm-none-eabi/lib/thumb/v7e-m+fp/hard/libc_nano.a(libc_a-fwalk.o)
                              /Applications/STM32CubeIDE.app/Contents/Eclipse/plugins/com.st.stm32cube.ide.mcu.externaltools.gnu-tools-for-stm32.12.3.rel1.macos64_1.0.200.202406191456/tools/bin/../lib/gcc/arm-none-eabi/12.3.1/../../../../arm-none-eabi/lib/thumb/v7e-m+fp/hard/libc_nano.a(libc_a-findfp.o) (_fwalk_sglue)
/Applications/STM32CubeIDE.app/Contents/Eclipse/plugins/com.st.stm32cube.ide.mcu.externaltools.gnu-tools-for-stm32.12.3.rel1.macos64_1.0.200.202406191456/tools/bin/../lib/gcc/arm-none-eabi/12.3.1/../../../../arm-none-eabi/lib/thumb/v7e-m+fp/hard/libc_nano.a(libc_a-memset.o)
                              /Applications/STM32CubeIDE.app/Contents/Eclipse/plugins/com.st.stm32cube.ide.mcu.externaltools.gnu-tools-for-stm32.12.3.rel1.macos64_1.0.200.202406191456/tools/bin/../lib/gcc/arm-none-eabi/12.3.1/../../../../arm-none-eabi/lib/thumb/v7e-m+fp/hard/crt0.o (memset)
/Applications/STM32CubeIDE.app/Contents/Eclipse/plugins/com.st.stm32cube.ide.mcu.externaltools.gnu-tools-for-stm32.12.3.rel1.macos64_1.0.200.202406191456/tools/bin/../lib/gcc/arm-none-eabi/12.3.1/../../../../arm-none-eabi/lib/thumb/v7e-m+fp/hard/libc_nano.a(libc_a-impure.o)
                              /Applications/STM32CubeIDE.app/Contents/Eclipse/plugins/com.st.stm32cube.ide.mcu.externaltools.gnu-tools-for-stm32.12.3.rel1.macos64_1.0.200.202406191456/tools/bin/../lib/gcc/arm-none-eabi/12.3.1/../../../../arm-none-eabi/lib/thumb/v7e-m+fp/hard/libc_nano.a(libc_a-findfp.o) (_impure_data)
/Applications/STM32CubeIDE.app/Contents/Eclipse/plugins/com.st.stm32cube.ide.mcu.externaltools.gnu-tools-for-stm32.12.3.rel1.macos64_1.0.200.202406191456/tools/bin/../lib/gcc/arm-none-eabi/12.3.1/../../../../arm-none-eabi/lib/thumb/v7e-m+fp/hard/libc_nano.a(libc_a-errno.o)
                              ./Src/syscalls.o (__errno)
/Applications/STM32CubeIDE.app/Contents/Eclipse/plugins/com.st.stm32cube.ide.mcu.externaltools.gnu-tools-for-stm32.12.3.rel1.macos64_1.0.200.202406191456/tools/bin/../lib/gcc/arm-none-eabi/12.3.1/../../../../arm-none-eabi/lib/thumb/v7e-m+fp/hard/libc_nano.a(libc_a-init.o)
                              /Applications/STM32CubeIDE.app/Contents/Eclipse/plugins/com.st.stm32cube.ide.mcu.externaltools.gnu-tools-for-stm32.12.3.rel1.macos64_1.0.200.202406191456/tools/bin/../lib/gcc/arm-none-eabi/12.3.1/../../../../arm-none-eabi/lib/thumb/v7e-m+fp/hard/crt0.o (__libc_init_array)
/Applications/STM32CubeIDE.app/Contents/Eclipse/plugins/com.st.stm32cube.ide.mcu.externaltools.gnu-tools-for-stm32.12.3.rel1.macos64_1.0.200.202406191456/tools/bin/../lib/gcc/arm-none-eabi/12.3.1/../../../../arm-none-eabi/lib/thumb/v7e-m+fp/hard/libc_nano.a(libc_a-lock.o)
                              /Applications/STM32CubeIDE.app/Contents/Eclipse/plugins/com.st.stm32cube.ide.mcu.externaltools.gnu-tools-for-stm32.12.3.rel1.macos64_1.0.200.202406191456/tools/bin/../lib/gcc/arm-none-eabi/12.3.1/../../../../arm-none-eabi/lib/thumb/v7e-m+fp/hard/libc_nano.a(libc_a-findfp.o) (__retarget_lock_init_recursive)
/Applications/STM32CubeIDE.app/Contents/Eclipse/plugins/com.st.stm32cube.ide.mcu.externaltools.gnu-tools-for-stm32.12.3.rel1.macos64_1.0.200.202406191456/tools/bin/../lib/gcc/arm-none-eabi/12.3.1/../../../../arm-none-eabi/lib/thumb/v7e-m+fp/hard/libc_nano.a(libc_a-mallocr.o)
[...]
Memory Configuration

Name             Origin             Length             Attributes
RAM              0x20000000         0x00020000         xrw
FLASH            0x08000000         0x00080000         xr
*default*        0x00000000         0xffffffff

Linker script and memory map

LOAD /Applications/STM32CubeIDE.app/Contents/Eclipse/plugins/com.st.stm32cube.ide.mcu.externaltools.gnu-tools-for-stm32.12.3.rel1.macos64_1.0.200.202406191456/tools/bin/../lib/gcc/arm-none-eabi/12.3.1/thumb/v7e-m+fp/hard/crti.o
LOAD /Applications/STM32CubeIDE.app/Contents/Eclipse/plugins/com.st.stm32cube.ide.mcu.externaltools.gnu-tools-for-stm32.12.3.rel1.macos64_1.0.200.202406191456/tools/bin/../lib/gcc/arm-none-eabi/12.3.1/thumb/v7e-m+fp/hard/crtbegin.o
LOAD /Applications/STM32CubeIDE.app/Contents/Eclipse/plugins/com.st.stm32cube.ide.mcu.externaltools.gnu-tools-for-stm32.12.3.rel1.macos64_1.0.200.202406191456/tools/bin/../lib/gcc/arm-none-eabi/12.3.1/../../../../arm-none-eabi/lib/thumb/v7e-m+fp/hard/crt0.o
LOAD ./Src/main.o
LOAD ./Src/syscalls.o
LOAD ./Src/sysmem.o
LOAD ./Src/uart.o
LOAD ./Startup/startup_stm32f411retx.o
START GROUP
LOAD /Applications/STM32CubeIDE.app/Contents/Eclipse/plugins/com.st.stm32cube.ide.mcu.externaltools.gnu-tools-for-stm32.12.3.rel1.macos64_1.0.200.202406191456/tools/bin/../lib/gcc/arm-none-eabi/12.3.1/../../../../arm-none-eabi/lib/thumb/v7e-m+fp/hard/libc_nano.a
LOAD /Applications/STM32CubeIDE.app/Contents/Eclipse/plugins/com.st.stm32cube.ide.mcu.externaltools.gnu-tools-for-stm32.12.3.rel1.macos64_1.0.200.202406191456/tools/bin/../lib/gcc/arm-none-eabi/12.3.1/../../../../arm-none-eabi/lib/thumb/v7e-m+fp/hard/libm.a
END GROUP
START GROUP
LOAD /Applications/STM32CubeIDE.app/Contents/Eclipse/plugins/com.st.stm32cube.ide.mcu.externaltools.gnu-tools-for-stm32.12.3.rel1.macos64_1.0.200.202406191456/tools/bin/../lib/gcc/arm-none-eabi/12.3.1/thumb/v7e-m+fp/hard/libgcc.a
LOAD /Applications/STM32CubeIDE.app/Contents/Eclipse/plugins/com.st.stm32cube.ide.mcu.externaltools.gnu-tools-for-stm32.12.3.rel1.macos64_1.0.200.202406191456/tools/bin/../lib/gcc/arm-none-eabi/12.3.1/../../../../arm-none-eabi/lib/thumb/v7e-m+fp/hard/libc_nano.a
END GROUP
START GROUP
LOAD /Applications/STM32CubeIDE.app/Contents/Eclipse/plugins/com.st.stm32cube.ide.mcu.externaltools.gnu-tools-for-stm32.12.3.rel1.macos64_1.0.200.202406191456/tools/bin/../lib/gcc/arm-none-eabi/12.3.1/thumb/v7e-m+fp/hard/libgcc.a
LOAD /Applications/STM32CubeIDE.app/Contents/Eclipse/plugins/com.st.stm32cube.ide.mcu.externaltools.gnu-tools-for-stm32.12.3.rel1.macos64_1.0.200.202406191456/tools/bin/../lib/gcc/arm-none-eabi/12.3.1/../../../../arm-none-eabi/lib/thumb/v7e-m+fp/hard/libc_nano.a
LOAD /Applications/STM32CubeIDE.app/Contents/Eclipse/plugins/com.st.stm32cube.ide.mcu.externaltools.gnu-tools-for-stm32.12.3.rel1.macos64_1.0.200.202406191456/tools/bin/../lib/gcc/arm-none-eabi/12.3.1/../../../../arm-none-eabi/lib/thumb/v7e-m+fp/hard/libnosys.a
END GROUP
START GROUP
LOAD /Applications/STM32CubeIDE.app/Contents/Eclipse/plugins/com.st.stm32cube.ide.mcu.externaltools.gnu-tools-for-stm32.12.3.rel1.macos64_1.0.200.202406191456/tools/bin/../lib/gcc/arm-none-eabi/12.3.1/thumb/v7e-m+fp/hard/libgcc.a
LOAD /Applications/STM32CubeIDE.app/Contents/Eclipse/plugins/com.st.stm32cube.ide.mcu.externaltools.gnu-tools-for-stm32.12.3.rel1.macos64_1.0.200.202406191456/tools/bin/../lib/gcc/arm-none-eabi/12.3.1/../../../../arm-none-eabi/lib/thumb/v7e-m+fp/hard/libc_nano.a
LOAD /Applications/STM32CubeIDE.app/Contents/Eclipse/plugins/com.st.stm32cube.ide.mcu.externaltools.gnu-tools-for-stm32.12.3.rel1.macos64_1.0.200.202406191456/tools/bin/../lib/gcc/arm-none-eabi/12.3.1/../../../../arm-none-eabi/lib/thumb/v7e-m+fp/hard/libnosys.a
END GROUP
LOAD /Applications/STM32CubeIDE.app/Contents/Eclipse/plugins/com.st.stm32cube.ide.mcu.externaltools.gnu-tools-for-stm32.12.3.rel1.macos64_1.0.200.202406191456/tools/bin/../lib/gcc/arm-none-eabi/12.3.1/thumb/v7e-m+fp/hard/crtend.o
LOAD /Applications/STM32CubeIDE.app/Contents/Eclipse/plugins/com.st.stm32cube.ide.mcu.externaltools.gnu-tools-for-stm32.12.3.rel1.macos64_1.0.200.202406191456/tools/bin/../lib/gcc/arm-none-eabi/12.3.1/thumb/v7e-m+fp/hard/crtn.o
                0x20020000                        _estack = (ORIGIN (RAM) + LENGTH (RAM))
                0x00000200                        _Min_Heap_Size = 0x200
                0x00000400                        _Min_Stack_Size = 0x400

.isr_vector     0x08000000      0x198
                0x08000000                        . = ALIGN (0x4)
 *(.isr_vector)
 .isr_vector    0x08000000      0x198 ./Startup/startup_stm32f411retx.o
                0x08000000                g_pfnVectors
                0x08000198                        . = ALIGN (0x4)

.text           0x08000198      0x2b0
                0x08000198                        . = ALIGN (0x4)
 *(.text)
 .text          0x08000198       0x40 /Applications/STM32CubeIDE.app/Contents/Eclipse/plugins/com.st.stm32cube.ide.mcu.externaltools.gnu-tools-for-stm32.12.3.rel1.macos64_1.0.200.202406191456/tools/bin/../lib/gcc/arm-none-eabi/12.3.1/thumb/v7e-m+fp/hard/crtbegin.o
 *(.text*)
 .text.main     0x080001d8       0x68 ./Src/main.o
                0x080001d8                main
 .text.uart2_rxtx_init
                0x08000240       0xe0 ./Src/uart.o
                0x08000240                uart2_rxtx_init
 .text.uart2_read
                0x08000320       0x28 ./Src/uart.o
                0x08000320                uart2_read
 .text.uart_set_baudrate
                0x08000348       0x24 ./Src/uart.o
 .text.compute_uart_bd
                0x0800036c       0x26 ./Src/uart.o
 *fill*         0x08000392        0x2 
 .text.Reset_Handler
                0x08000394       0x50 ./Startup/startup_stm32f411retx.o
                0x08000394                Reset_Handler
 .text.Default_Handler
                0x080003e4        0x2 ./Startup/startup_stm32f411retx.o
                0x080003e4                DMA1_Stream3_IRQHandler
                0x080003e4                EXTI2_IRQHandler
                0x080003e4                DebugMon_Handler
                0x080003e4                SPI4_IRQHandler
                0x080003e4                TIM1_CC_IRQHandler
                0x080003e4                DMA2_Stream5_IRQHandler
                0x080003e4                HardFault_Handler
                0x080003e4                DMA1_Stream5_IRQHandler
                0x080003e4                SysTick_Handler
                0x080003e4                PVD_IRQHandler
                0x080003e4                SDIO_IRQHandler
                0x080003e4                TAMP_STAMP_IRQHandler
                0x080003e4                PendSV_Handler
                0x080003e4                NMI_Handler
                0x080003e4                EXTI3_IRQHandler
                0x080003e4                TIM1_UP_TIM10_IRQHandler
                0x080003e4                I2C3_ER_IRQHandler
                0x080003e4                EXTI0_IRQHandler
                0x080003e4                I2C2_EV_IRQHandler
                0x080003e4                DMA1_Stream2_IRQHandler
                0x080003e4                UsageFault_Handler
                0x080003e4                DMA2_Stream2_IRQHandler
                0x080003e4                SPI1_IRQHandler
                0x080003e4                TIM1_BRK_TIM9_IRQHandler
                0x080003e4                DMA2_Stream3_IRQHandler
                0x080003e4                USART6_IRQHandler
                0x080003e4                DMA2_Stream0_IRQHandler
                0x080003e4                TIM4_IRQHandler
                0x080003e4                I2C1_EV_IRQHandler
                0x080003e4                DMA1_Stream6_IRQHandler
                0x080003e4                DMA1_Stream1_IRQHandler
                0x080003e4                TIM3_IRQHandler
                0x080003e4                RCC_IRQHandler
                0x080003e4                Default_Handler
                0x080003e4                EXTI15_10_IRQHandler
                0x080003e4                ADC_IRQHandler
                0x080003e4                DMA1_Stream7_IRQHandler
                0x080003e4                SPI5_IRQHandler
                0x080003e4                TIM5_IRQHandler
                0x080003e4                DMA2_Stream7_IRQHandler
                0x080003e4                I2C3_EV_IRQHandler
                0x080003e4                EXTI9_5_IRQHandler
                0x080003e4                RTC_WKUP_IRQHandler
                0x080003e4                SPI2_IRQHandler
                0x080003e4                MemManage_Handler
                0x080003e4                DMA1_Stream0_IRQHandler
                0x080003e4                SVC_Handler
                0x080003e4                EXTI4_IRQHandler
                0x080003e4                WWDG_IRQHandler
                0x080003e4                TIM2_IRQHandler
                0x080003e4                OTG_FS_WKUP_IRQHandler
                0x080003e4                TIM1_TRG_COM_TIM11_IRQHandler
                0x080003e4                EXTI1_IRQHandler
                0x080003e4                USART2_IRQHandler
                0x080003e4                I2C2_ER_IRQHandler
                0x080003e4                DMA2_Stream1_IRQHandler
                0x080003e4                FLASH_IRQHandler
                0x080003e4                DMA2_Stream4_IRQHandler
                0x080003e4                BusFault_Handler
                0x080003e4                USART1_IRQHandler
                0x080003e4                OTG_FS_IRQHandler
                0x080003e4                SPI3_IRQHandler
                0x080003e4                DMA1_Stream4_IRQHandler
                0x080003e4                I2C1_ER_IRQHandler
                0x080003e4                DMA2_Stream6_IRQHandler
                0x080003e4                RTC_Alarm_IRQHandler
 *fill*         0x080003e6        0x2 
 .text.__libc_init_array
                0x080003e8       0x48 /Applications/STM32CubeIDE.app/Contents/Eclipse/plugins/com.st.stm32cube.ide.mcu.externaltools.gnu-tools-for-stm32.12.3.rel1.macos64_1.0.200.202406191456/tools/bin/../lib/gcc/arm-none-eabi/12.3.1/../../../../arm-none-eabi/lib/thumb/v7e-m+fp/hard/libc_nano.a(libc_a-init.o)
                0x080003e8                __libc_init_array
 *(.glue_7)
 .glue_7        0x08000430        0x0 linker stubs
 *(.glue_7t)
 .glue_7t       0x08000430        0x0 linker stubs
 *(.eh_frame)
 .eh_frame      0x08000430        0x0 /Applications/STM32CubeIDE.app/Contents/Eclipse/plugins/com.st.stm32cube.ide.mcu.externaltools.gnu-tools-for-stm32.12.3.rel1.macos64_1.0.200.202406191456/tools/bin/../lib/gcc/arm-none-eabi/12.3.1/thumb/v7e-m+fp/hard/crtbegin.o
 *(.init)
 .init          0x08000430        0x4 /Applications/STM32CubeIDE.app/Contents/Eclipse/plugins/com.st.stm32cube.ide.mcu.externaltools.gnu-tools-for-stm32.12.3.rel1.macos64_1.0.200.202406191456/tools/bin/../lib/gcc/arm-none-eabi/12.3.1/thumb/v7e-m+fp/hard/crti.o
                0x08000430                _init
 .init          0x08000434        0x8 /Applications/STM32CubeIDE.app/Contents/Eclipse/plugins/com.st.stm32cube.ide.mcu.externaltools.gnu-tools-for-stm32.12.3.rel1.macos64_1.0.200.202406191456/tools/bin/../lib/gcc/arm-none-eabi/12.3.1/thumb/v7e-m+fp/hard/crtn.o
 *(.fini)
 .fini          0x0800043c        0x4 /Applications/STM32CubeIDE.app/Contents/Eclipse/plugins/com.st.stm32cube.ide.mcu.externaltools.gnu-tools-for-stm32.12.3.rel1.macos64_1.0.200.202406191456/tools/bin/../lib/gcc/arm-none-eabi/12.3.1/thumb/v7e-m+fp/hard/crti.o
                0x0800043c                _fini
 .fini          0x08000440        0x8 /Applications/STM32CubeIDE.app/Contents/Eclipse/plugins/com.st.stm32cube.ide.mcu.externaltools.gnu-tools-for-stm32.12.3.rel1.macos64_1.0.200.202406191456/tools/bin/../lib/gcc/arm-none-eabi/12.3.1/thumb/v7e-m+fp/hard/crtn.o
                0x08000448                        . = ALIGN (0x4)
                0x08000448                        _etext = .

.vfp11_veneer   0x08000448        0x0
 .vfp11_veneer  0x08000448        0x0 linker stubs

.v4_bx          0x08000448        0x0
 .v4_bx         0x08000448        0x0 linker stubs

.iplt           0x08000448        0x0
 .iplt          0x08000448        0x0 /Applications/STM32CubeIDE.app/Contents/Eclipse/plugins/com.st.stm32cube.ide.mcu.externaltools.gnu-tools-for-stm32.12.3.rel1.macos64_1.0.200.202406191456/tools/bin/../lib/gcc/arm-none-eabi/12.3.1/thumb/v7e-m+fp/hard/crtbegin.o

.rodata         0x08000448        0x0
                0x08000448                        . = ALIGN (0x4)
 *(.rodata)
 *(.rodata*)
                0x08000448                        . = ALIGN (0x4)

.ARM.extab      0x08000448        0x0
                0x08000448                        . = ALIGN (0x4)
 *(.ARM.extab* .gnu.linkonce.armextab.*)
                0x08000448                        . = ALIGN (0x4)

.ARM            0x08000448        0x0
                0x08000448                        . = ALIGN (0x4)
                0x08000448                        __exidx_start = .
 *(.ARM.exidx*)
                0x08000448                        __exidx_end = .
                0x08000448                        . = ALIGN (0x4)

.preinit_array  0x08000448        0x0
                0x08000448                        . = ALIGN (0x4)
                0x08000448                        PROVIDE (__preinit_array_start = .)
 *(.preinit_array*)
                0x08000448                        PROVIDE (__preinit_array_end = .)
                0x08000448                        . = ALIGN (0x4)

.init_array     0x08000448        0x4
                0x08000448                        . = ALIGN (0x4)
                0x08000448                        PROVIDE (__init_array_start = .)
 *(SORT_BY_NAME(.init_array.*))
 *(.init_array*)
 .init_array    0x08000448        0x4 /Applications/STM32CubeIDE.app/Contents/Eclipse/plugins/com.st.stm32cube.ide.mcu.externaltools.gnu-tools-for-stm32.12.3.rel1.macos64_1.0.200.202406191456/tools/bin/../lib/gcc/arm-none-eabi/12.3.1/thumb/v7e-m+fp/hard/crtbegin.o
                0x0800044c                        PROVIDE (__init_array_end = .)
                0x0800044c                        . = ALIGN (0x4)

.fini_array     0x0800044c        0x4
                0x0800044c                        . = ALIGN (0x4)
                [!provide]                        PROVIDE (__fini_array_start = .)
 *(SORT_BY_NAME(.fini_array.*))
 *(.fini_array*)
 .fini_array    0x0800044c        0x4 /Applications/STM32CubeIDE.app/Contents/Eclipse/plugins/com.st.stm32cube.ide.mcu.externaltools.gnu-tools-for-stm32.12.3.rel1.macos64_1.0.200.202406191456/tools/bin/../lib/gcc/arm-none-eabi/12.3.1/thumb/v7e-m+fp/hard/crtbegin.o
                [!provide]                        PROVIDE (__fini_array_end = .)
                0x08000450                        . = ALIGN (0x4)
                0x08000450                        _sidata = LOADADDR (.data)

.rel.dyn        0x08000450        0x0
 .rel.iplt      0x08000450        0x0 /Applications/STM32CubeIDE.app/Contents/Eclipse/plugins/com.st.stm32cube.ide.mcu.externaltools.gnu-tools-for-stm32.12.3.rel1.macos64_1.0.200.202406191456/tools/bin/../lib/gcc/arm-none-eabi/12.3.1/thumb/v7e-m+fp/hard/crtbegin.o

.data           0x20000000        0x0 load address 0x08000450
                0x20000000                        . = ALIGN (0x4)
                0x20000000                        _sdata = .
 *(.data)
 *(.data*)
 *(.RamFunc)
 *(.RamFunc*)
                0x20000000                        . = ALIGN (0x4)
                0x20000000                        _edata = .

.igot.plt       0x20000000        0x0 load address 0x08000450
 .igot.plt      0x20000000        0x0 /Applications/STM32CubeIDE.app/Contents/Eclipse/plugins/com.st.stm32cube.ide.mcu.externaltools.gnu-tools-for-stm32.12.3.rel1.macos64_1.0.200.202406191456/tools/bin/../lib/gcc/arm-none-eabi/12.3.1/thumb/v7e-m+fp/hard/crtbegin.o
                0x20000000                        . = ALIGN (0x4)

.bss            0x20000000       0x20 load address 0x08000450
                0x20000000                        _sbss = .
                0x20000000                        __bss_start__ = _sbss
 *(.bss)
 .bss           0x20000000       0x1c /Applications/STM32CubeIDE.app/Contents/Eclipse/plugins/com.st.stm32cube.ide.mcu.externaltools.gnu-tools-for-stm32.12.3.rel1.macos64_1.0.200.202406191456/tools/bin/../lib/gcc/arm-none-eabi/12.3.1/thumb/v7e-m+fp/hard/crtbegin.o
 *(.bss*)
 .bss.key       0x2000001c        0x1 ./Src/main.o
                0x2000001c                key
 *(COMMON)
                0x20000020                        . = ALIGN (0x4)
 *fill*         0x2000001d        0x3 
                0x20000020                        _ebss = .
                0x20000020                        __bss_end__ = _ebss

._user_heap_stack
                0x20000020      0x600 load address 0x08000450
                0x20000020                        . = ALIGN (0x8)
                [!provide]                        PROVIDE (end = .)
                0x20000020                        PROVIDE (_end = .)
                0x20000220                        . = (. + _Min_Heap_Size)
 *fill*         0x20000020      0x200 
                0x20000620                        . = (. + _Min_Stack_Size)
 *fill*         0x20000220      0x400 
                0x20000620                        . = ALIGN (0x8)

/DISCARD/
 libc.a(*)
 libm.a(*)
 libgcc.a(*)

.ARM.attributes
                0x00000000       0x30
 *(.ARM.attributes)
 .ARM.attributes
                0x00000000       0x22 /Applications/STM32CubeIDE.app/Contents/Eclipse/plugins/com.st.stm32cube.ide.mcu.externaltools.gnu-tools-for-stm32.12.3.rel1.macos64_1.0.200.202406191456/tools/bin/../lib/gcc/arm-none-eabi/12.3.1/thumb/v7e-m+fp/hard/crti.o
 .ARM.attributes
                0x00000022       0x34 /Applications/STM32CubeIDE.app/Contents/Eclipse/plugins/com.st.stm32cube.ide.mcu.externaltools.gnu-tools-for-stm32.12.3.rel1.macos64_1.0.200.202406191456/tools/bin/../lib/gcc/arm-none-eabi/12.3.1/thumb/v7e-m+fp/hard/crtbegin.o
 .ARM.attributes
                0x00000056       0x34 ./Src/main.o
 .ARM.attributes
                0x0000008a       0x34 ./Src/uart.o
 .ARM.attributes
                0x000000be       0x21 ./Startup/startup_stm32f411retx.o
 .ARM.attributes
                0x000000df       0x34 /Applications/STM32CubeIDE.app/Contents/Eclipse/plugins/com.st.stm32cube.ide.mcu.externaltools.gnu-tools-for-stm32.12.3.rel1.macos64_1.0.200.202406191456/tools/bin/../lib/gcc/arm-none-eabi/12.3.1/../../../../arm-none-eabi/lib/thumb/v7e-m+fp/hard/libc_nano.a(libc_a-init.o)
 .ARM.attributes
                0x00000113       0x22 /Applications/STM32CubeIDE.app/Contents/Eclipse/plugins/com.st.stm32cube.ide.mcu.externaltools.gnu-tools-for-stm32.12.3.rel1.macos64_1.0.200.202406191456/tools/bin/../lib/gcc/arm-none-eabi/12.3.1/thumb/v7e-m+fp/hard/crtn.o
OUTPUT(8_uart_rx.elf elf32-littlearm)
LOAD linker stubs
LOAD /Applications/STM32CubeIDE.app/Contents/Eclipse/plugins/com.st.stm32cube.ide.mcu.externaltools.gnu-tools-for-stm32.12.3.rel1.macos64_1.0.200.202406191456/tools/bin/../lib/gcc/arm-none-eabi/12.3.1/../../../../arm-none-eabi/lib/thumb/v7e-m+fp/hard/libc.a
LOAD /Applications/STM32CubeIDE.app/Contents/Eclipse/plugins/com.st.stm32cube.ide.mcu.externaltools.gnu-tools-for-stm32.12.3.rel1.macos64_1.0.200.202406191456/tools/bin/../lib/gcc/arm-none-eabi/12.3.1/../../../../arm-none-eabi/lib/thumb/v7e-m+fp/hard/libm.a
LOAD /Applications/STM32CubeIDE.app/Contents/Eclipse/plugins/com.st.stm32cube.ide.mcu.externaltools.gnu-tools-for-stm32.12.3.rel1.macos64_1.0.200.202406191456/tools/bin/../lib/gcc/arm-none-eabi/12.3.1/thumb/v7e-m+fp/hard/libgcc.a

.debug_info     0x00000000      0x797
 .debug_info    0x00000000      0x320 ./Src/main.o
 .debug_info    0x00000320      0x447 ./Src/uart.o
 .debug_info    0x00000767       0x30 ./Startup/startup_stm32f411retx.o

.debug_abbrev   0x00000000      0x27e
 .debug_abbrev  0x00000000       0xf2 ./Src/main.o
 .debug_abbrev  0x000000f2      0x168 ./Src/uart.o
 .debug_abbrev  0x0000025a       0x24 ./Startup/startup_stm32f411retx.o

.debug_aranges  0x00000000       0x90
 .debug_aranges
                0x00000000       0x20 ./Src/main.o
 .debug_aranges
                0x00000020       0x48 ./Src/uart.o
 .debug_aranges
                0x00000068       0x28 ./Startup/startup_stm32f411retx.o

.debug_rnglists
                0x00000000       0x5e
 .debug_rnglists
                0x00000000       0x13 ./Src/main.o
 .debug_rnglists
                0x00000013       0x32 ./Src/uart.o
 .debug_rnglists
                0x00000045       0x19 ./Startup/startup_stm32f411retx.o

.debug_macro    0x00000000     0xe929
 .debug_macro   0x00000000      0x1c7 ./Src/main.o
 .debug_macro   0x000001c7      0xac6 ./Src/main.o
 .debug_macro   0x00000c8d       0x22 ./Src/main.o
 .debug_macro   0x00000caf       0x8e ./Src/main.o
 .debug_macro   0x00000d3d       0x51 ./Src/main.o
 .debug_macro   0x00000d8e      0x103 ./Src/main.o
 .debug_macro   0x00000e91       0x6a ./Src/main.o
 .debug_macro   0x00000efb      0x1df ./Src/main.o
 .debug_macro   0x000010da       0x61 ./Src/main.o
 .debug_macro   0x0000113b       0x2a ./Src/main.o
 .debug_macro   0x00001165       0x43 ./Src/main.o
 .debug_macro   0x000011a8       0x34 ./Src/main.o
 .debug_macro   0x000011dc       0x16 ./Src/main.o
 .debug_macro   0x000011f2       0x9e ./Src/main.o
 .debug_macro   0x00001290      0x369 ./Src/main.o
 .debug_macro   0x000015f9      0x10b ./Src/main.o
 .debug_macro   0x00001704       0x10 ./Src/main.o
 .debug_macro   0x00001714       0x16 ./Src/main.o
 .debug_macro   0x0000172a       0x43 ./Src/main.o
 .debug_macro   0x0000176d       0x34 ./Src/main.o
 .debug_macro   0x000017a1       0x10 ./Src/main.o
 .debug_macro   0x000017b1       0x58 ./Src/main.o
 .debug_macro   0x00001809       0x8e ./Src/main.o
 .debug_macro   0x00001897       0x1c ./Src/main.o
 .debug_macro   0x000018b3      0x177 ./Src/main.o
 .debug_macro   0x00001a2a       0x16 ./Src/main.o
 .debug_macro   0x00001a40       0x16 ./Src/main.o
 .debug_macro   0x00001a56      0x146 ./Src/main.o
 .debug_macro   0x00001b9c       0x28 ./Src/main.o
 .debug_macro   0x00001bc4       0x28 ./Src/main.o
 .debug_macro   0x00001bec       0x1c ./Src/main.o
 .debug_macro   0x00001c08       0x22 ./Src/main.o
 .debug_macro   0x00001c2a       0xfb ./Src/main.o
 .debug_macro   0x00001d25     0x1011 ./Src/main.o
 .debug_macro   0x00002d36      0x11f ./Src/main.o
 .debug_macro   0x00002e55     0xb953 ./Src/main.o
 .debug_macro   0x0000e7a8       0x6d ./Src/main.o
 .debug_macro   0x0000e815      0x114 ./Src/uart.o

.debug_line     0x00000000      0xd78
 .debug_line    0x00000000      0x69a ./Src/main.o
 .debug_line    0x0000069a      0x663 ./Src/uart.o
 .debug_line    0x00000cfd       0x7b ./Startup/startup_stm32f411retx.o

.debug_str      0x00000000    0x53942
 .debug_str     0x00000000    0x53789 ./Src/main.o
                              0x53979 (size before relaxing)
 .debug_str     0x00053789      0x124 ./Src/uart.o
                              0x4fffe (size before relaxing)
 .debug_str     0x000538ad       0x95 ./Startup/startup_stm32f411retx.o

.comment        0x00000000       0x43
 .comment       0x00000000       0x43 ./Src/main.o
                                 0x44 (size before relaxing)
 .comment       0x00000043       0x44 ./Src/uart.o

.debug_frame    0x00000000      0x13c
 .debug_frame   0x00000000       0x2c ./Src/main.o
 .debug_frame   0x0000002c       0xe4 ./Src/uart.o
 .debug_frame   0x00000110       0x2c /Applications/STM32CubeIDE.app/Contents/Eclipse/plugins/com.st.stm32cube.ide.mcu.externaltools.gnu-tools-for-stm32.12.3.rel1.macos64_1.0.200.202406191456/tools/bin/../lib/gcc/arm-none-eabi/12.3.1/../../../../arm-none-eabi/lib/thumb/v7e-m+fp/hard/libc_nano.a(libc_a-init.o)

.debug_line_str
                0x00000000       0x79
 .debug_line_str
                0x00000000       0x79 ./Startup/startup_stm32f411retx.o
